{"timestamp":"2026-09-10T09:59:58.289711Z","level":"info","event":"DAG bundles loaded: dags-folder","logger":"airflow.dag_processing.bundles.manager.DagBundlesManager","filename":"manager.py","lineno":179}
{"timestamp":"2026-09-10T09:59:58.290938Z","level":"info","event":"Filling up the DagBag from /workspace/dags/dag_etl_and_visualize.py","logger":"airflow.models.dagbag.BundleDagBag","filename":"dagbag.py","lineno":593}
{"timestamp":"2026-09-10T09:59:58.361844Z","level":"info","event":"Stats instance was created in PID 14 but accessed in PID 701. Re-initializing.","logger":"airflow.stats","filename":"stats.py","lineno":57}
{"timestamp":"2026-09-10T09:59:58.385447Z","level":"info","event":"Tmp dir root location: /tmp","logger":"airflow.task.hooks.airflow.providers.standard.hooks.subprocess.SubprocessHook","filename":"subprocess.py","lineno":78}
{"timestamp":"2026-09-10T09:59:58.387357Z","level":"info","event":"Running command: ['/usr/bin/bash', '-c', '/workspace/airflow/.venv/bin/python /workspace/airflow/../jobs/llm_sumarize_addresses.py']","logger":"airflow.task.hooks.airflow.providers.standard.hooks.subprocess.SubprocessHook","filename":"subprocess.py","lineno":80}
{"timestamp":"2026-09-10T09:59:58.388263Z","level":"info","event":"Output:","logger":"airflow.task.hooks.airflow.providers.standard.hooks.subprocess.SubprocessHook","filename":"subprocess.py","lineno":92}
{"timestamp":"2026-09-10T10:00:04.193065Z","level":"info","event":"Direct use of automatic function calling (AFC) in Models.generate_content is not recommended. Instead, we recommend to use AFC in Chat.send_message. Similarly, direct use of AFC in Models.generate_content_stream is not recommended. Instead, we recommend to use AFC in Chat.send_message_stream.","logger":"airflow.task.hooks.airflow.providers.standard.hooks.subprocess.SubprocessHook","filename":"subprocess.py","lineno":99}
{"timestamp":"2026-09-10T10:02:21.171725Z","level":"info","event":"Tổng số elements: 2931","logger":"airflow.task.hooks.airflow.providers.standard.hooks.subprocess.SubprocessHook","filename":"subprocess.py","lineno":99}
{"timestamp":"2026-09-10T10:02:21.172072Z","level":"info","event":"Số request: 11","logger":"airflow.task.hooks.airflow.providers.standard.hooks.subprocess.SubprocessHook","filename":"subprocess.py","lineno":99}
{"timestamp":"2026-09-10T10:02:21.172130Z","level":"info","event":"","logger":"airflow.task.hooks.airflow.providers.standard.hooks.subprocess.SubprocessHook","filename":"subprocess.py","lineno":99}
{"timestamp":"2026-09-10T10:02:21.172169Z","level":"info","event":"Request 1/11 - 293 elements","logger":"airflow.task.hooks.airflow.providers.standard.hooks.subprocess.SubprocessHook","filename":"subprocess.py","lineno":99}
{"timestamp":"2026-09-10T10:02:21.172193Z","level":"info","event":"Request 1 hoàn thành: 293 results","logger":"airflow.task.hooks.airflow.providers.standard.hooks.subprocess.SubprocessHook","filename":"subprocess.py","lineno":99}
{"timestamp":"2026-09-10T10:02:21.172212Z","level":"info","event":"","logger":"airflow.task.hooks.airflow.providers.standard.hooks.subprocess.SubprocessHook","filename":"subprocess.py","lineno":99}
{"timestamp":"2026-09-10T10:02:21.172231Z","level":"info","event":"Request 2/11 - 293 elements","logger":"airflow.task.hooks.airflow.providers.standard.hooks.subprocess.SubprocessHook","filename":"subprocess.py","lineno":99}
{"timestamp":"2026-09-10T10:02:21.172248Z","level":"info","event":"Request 2 hoàn thành: 293 results","logger":"airflow.task.hooks.airflow.providers.standard.hooks.subprocess.SubprocessHook","filename":"subprocess.py","lineno":99}
{"timestamp":"2026-09-10T10:02:21.172266Z","level":"info","event":"","logger":"airflow.task.hooks.airflow.providers.standard.hooks.subprocess.SubprocessHook","filename":"subprocess.py","lineno":99}
{"timestamp":"2026-09-10T10:02:21.172283Z","level":"info","event":"Request 3/11 - 293 elements","logger":"airflow.task.hooks.airflow.providers.standard.hooks.subprocess.SubprocessHook","filename":"subprocess.py","lineno":99}
{"timestamp":"2026-09-10T10:02:21.172301Z","level":"info","event":"Request 3 hoàn thành: 293 results","logger":"airflow.task.hooks.airflow.providers.standard.hooks.subprocess.SubprocessHook","filename":"subprocess.py","lineno":99}
{"timestamp":"2026-09-10T10:02:21.172318Z","level":"info","event":"","logger":"airflow.task.hooks.airflow.providers.standard.hooks.subprocess.SubprocessHook","filename":"subprocess.py","lineno":99}
{"timestamp":"2026-09-10T10:02:21.172335Z","level":"info","event":"Request 4/11 - 293 elements","logger":"airflow.task.hooks.airflow.providers.standard.hooks.subprocess.SubprocessHook","filename":"subprocess.py","lineno":99}
{"timestamp":"2026-09-10T10:02:21.172352Z","level":"info","event":"Request 4 hoàn thành: 293 results","logger":"airflow.task.hooks.airflow.providers.standard.hooks.subprocess.SubprocessHook","filename":"subprocess.py","lineno":99}
{"timestamp":"2026-09-10T10:02:21.172368Z","level":"info","event":"","logger":"airflow.task.hooks.airflow.providers.standard.hooks.subprocess.SubprocessHook","filename":"subprocess.py","lineno":99}
{"timestamp":"2026-09-10T10:02:21.172385Z","level":"info","event":"Request 5/11 - 293 elements","logger":"airflow.task.hooks.airflow.providers.standard.hooks.subprocess.SubprocessHook","filename":"subprocess.py","lineno":99}
{"timestamp":"2026-09-10T10:02:21.172401Z","level":"info","event":"Request 5 hoàn thành: 293 results","logger":"airflow.task.hooks.airflow.providers.standard.hooks.subprocess.SubprocessHook","filename":"subprocess.py","lineno":99}
{"timestamp":"2026-09-10T10:02:21.172418Z","level":"info","event":"","logger":"airflow.task.hooks.airflow.providers.standard.hooks.subprocess.SubprocessHook","filename":"subprocess.py","lineno":99}
{"timestamp":"2026-09-10T10:02:21.172434Z","level":"info","event":"Request 6/11 - 293 elements","logger":"airflow.task.hooks.airflow.providers.standard.hooks.subprocess.SubprocessHook","filename":"subprocess.py","lineno":99}
{"timestamp":"2026-09-10T10:02:21.172450Z","level":"info","event":"Request 6 hoàn thành: 293 results","logger":"airflow.task.hooks.airflow.providers.standard.hooks.subprocess.SubprocessHook","filename":"subprocess.py","lineno":99}
{"timestamp":"2026-09-10T10:02:21.172468Z","level":"info","event":"","logger":"airflow.task.hooks.airflow.providers.standard.hooks.subprocess.SubprocessHook","filename":"subprocess.py","lineno":99}
{"timestamp":"2026-09-10T10:02:21.172484Z","level":"info","event":"Request 7/11 - 293 elements","logger":"airflow.task.hooks.airflow.providers.standard.hooks.subprocess.SubprocessHook","filename":"subprocess.py","lineno":99}
{"timestamp":"2026-09-10T10:02:21.172501Z","level":"info","event":"Request 7 hoàn thành: 293 results","logger":"airflow.task.hooks.airflow.providers.standard.hooks.subprocess.SubprocessHook","filename":"subprocess.py","lineno":99}
{"timestamp":"2026-09-10T10:02:21.172516Z","level":"info","event":"","logger":"airflow.task.hooks.airflow.providers.standard.hooks.subprocess.SubprocessHook","filename":"subprocess.py","lineno":99}
{"timestamp":"2026-09-10T10:02:21.172573Z","level":"info","event":"Request 8/11 - 293 elements","logger":"airflow.task.hooks.airflow.providers.standard.hooks.subprocess.SubprocessHook","filename":"subprocess.py","lineno":99}
{"timestamp":"2026-09-10T10:02:21.172617Z","level":"info","event":"Request 8 hoàn thành: 293 results","logger":"airflow.task.hooks.airflow.providers.standard.hooks.subprocess.SubprocessHook","filename":"subprocess.py","lineno":99}
{"timestamp":"2026-09-10T10:02:21.172636Z","level":"info","event":"","logger":"airflow.task.hooks.airflow.providers.standard.hooks.subprocess.SubprocessHook","filename":"subprocess.py","lineno":99}
{"timestamp":"2026-09-10T10:02:21.172654Z","level":"info","event":"Request 9/11 - 293 elements","logger":"airflow.task.hooks.airflow.providers.standard.hooks.subprocess.SubprocessHook","filename":"subprocess.py","lineno":99}
{"timestamp":"2026-09-10T10:02:21.172673Z","level":"info","event":"Request 9 hoàn thành: 293 results","logger":"airflow.task.hooks.airflow.providers.standard.hooks.subprocess.SubprocessHook","filename":"subprocess.py","lineno":99}
{"timestamp":"2026-09-10T10:02:21.172691Z","level":"info","event":"","logger":"airflow.task.hooks.airflow.providers.standard.hooks.subprocess.SubprocessHook","filename":"subprocess.py","lineno":99}
{"timestamp":"2026-09-10T10:02:21.172710Z","level":"info","event":"Request 10/11 - 293 elements","logger":"airflow.task.hooks.airflow.providers.standard.hooks.subprocess.SubprocessHook","filename":"subprocess.py","lineno":99}
{"timestamp":"2026-09-10T10:02:21.172727Z","level":"info","event":"Request 10 hoàn thành: 293 results","logger":"airflow.task.hooks.airflow.providers.standard.hooks.subprocess.SubprocessHook","filename":"subprocess.py","lineno":99}
{"timestamp":"2026-09-10T10:02:21.172745Z","level":"info","event":"","logger":"airflow.task.hooks.airflow.providers.standard.hooks.subprocess.SubprocessHook","filename":"subprocess.py","lineno":99}
{"timestamp":"2026-09-10T10:02:21.172763Z","level":"info","event":"Request 11/11 - 1 elements","logger":"airflow.task.hooks.airflow.providers.standard.hooks.subprocess.SubprocessHook","filename":"subprocess.py","lineno":99}
{"timestamp":"2026-09-10T10:02:21.172781Z","level":"info","event":"Request 11 hoàn thành: 1 results","logger":"airflow.task.hooks.airflow.providers.standard.hooks.subprocess.SubprocessHook","filename":"subprocess.py","lineno":99}
{"timestamp":"2026-09-10T10:02:21.352296Z","level":"info","event":"Command exited with return code 0","logger":"airflow.task.hooks.airflow.providers.standard.hooks.subprocess.SubprocessHook","filename":"subprocess.py","lineno":103}
{"timestamp":"2026-09-10T10:02:21.354464Z","level":"info","event":"Pushing xcom","ti":"RuntimeTaskInstance(id=UUID('01a08ac2-80ad-7eb5-836c-570ec533594d'), task_id='llm_sumarize_addresses_task', dag_id='dag_etl_and_visualize', run_id='manual__2026-09-10T09:59:57.854026+00:00', try_number=1, dag_version_id=UUID('01a08ab8-5116-7026-8043-01723fe39720'), map_index=-1, hostname='airflow', context_carrier={}, task=<Task(BashOperator): llm_sumarize_addresses_task>, bundle_instance=LocalDagBundle(name=dags-folder), max_tries=3, start_date=datetime.datetime(2026, 9, 10, 9, 59, 58, 259898, tzinfo=datetime.timezone.utc), end_date=None, state=<TaskInstanceState.RUNNING: 'running'>, is_mapped=False, rendered_map_index=None)","logger":"task","filename":"task_runner.py","lineno":1573}
