{"timestamp":"2026-09-10T09:34:58.972997Z","level":"info","event":"DAG bundles loaded: dags-folder","logger":"airflow.dag_processing.bundles.manager.DagBundlesManager","filename":"manager.py","lineno":179}
{"timestamp":"2026-09-10T09:34:58.974308Z","level":"info","event":"Filling up the DagBag from /workspace/dags/dag_etl_and_visualize.py","logger":"airflow.models.dagbag.BundleDagBag","filename":"dagbag.py","lineno":593}
{"timestamp":"2026-09-10T09:34:59.037388Z","level":"info","event":"Stats instance was created in PID 14 but accessed in PID 275. Re-initializing.","logger":"airflow.stats","filename":"stats.py","lineno":57}
{"timestamp":"2026-09-10T09:34:59.062337Z","level":"info","event":"Tmp dir root location: /tmp","logger":"airflow.task.hooks.airflow.providers.standard.hooks.subprocess.SubprocessHook","filename":"subprocess.py","lineno":78}
{"timestamp":"2026-09-10T09:34:59.064179Z","level":"info","event":"Running command: ['/usr/bin/bash', '-c', '/workspace/airflow/.venv/bin/python /workspace/airflow/../jobs/llm_sumarize_addresses.py']","logger":"airflow.task.hooks.airflow.providers.standard.hooks.subprocess.SubprocessHook","filename":"subprocess.py","lineno":80}
{"timestamp":"2026-09-10T09:34:59.065067Z","level":"info","event":"Output:","logger":"airflow.task.hooks.airflow.providers.standard.hooks.subprocess.SubprocessHook","filename":"subprocess.py","lineno":92}
{"timestamp":"2026-09-10T09:35:04.802384Z","level":"info","event":"Direct use of automatic function calling (AFC) in Models.generate_content is not recommended. Instead, we recommend to use AFC in Chat.send_message. Similarly, direct use of AFC in Models.generate_content_stream is not recommended. Instead, we recommend to use AFC in Chat.send_message_stream.","logger":"airflow.task.hooks.airflow.providers.standard.hooks.subprocess.SubprocessHook","filename":"subprocess.py","lineno":99}
{"timestamp":"2026-09-10T09:37:25.875271Z","level":"info","event":"Tổng số elements: 2931","logger":"airflow.task.hooks.airflow.providers.standard.hooks.subprocess.SubprocessHook","filename":"subprocess.py","lineno":99}
{"timestamp":"2026-09-10T09:37:25.875445Z","level":"info","event":"Số request: 11","logger":"airflow.task.hooks.airflow.providers.standard.hooks.subprocess.SubprocessHook","filename":"subprocess.py","lineno":99}
{"timestamp":"2026-09-10T09:37:25.875483Z","level":"info","event":"","logger":"airflow.task.hooks.airflow.providers.standard.hooks.subprocess.SubprocessHook","filename":"subprocess.py","lineno":99}
{"timestamp":"2026-09-10T09:37:25.875507Z","level":"info","event":"Request 1/11 - 293 elements","logger":"airflow.task.hooks.airflow.providers.standard.hooks.subprocess.SubprocessHook","filename":"subprocess.py","lineno":99}
{"timestamp":"2026-09-10T09:37:25.875532Z","level":"info","event":"Request 1 hoàn thành: 293 results","logger":"airflow.task.hooks.airflow.providers.standard.hooks.subprocess.SubprocessHook","filename":"subprocess.py","lineno":99}
{"timestamp":"2026-09-10T09:37:25.875553Z","level":"info","event":"","logger":"airflow.task.hooks.airflow.providers.standard.hooks.subprocess.SubprocessHook","filename":"subprocess.py","lineno":99}
{"timestamp":"2026-09-10T09:37:25.875573Z","level":"info","event":"Request 2/11 - 293 elements","logger":"airflow.task.hooks.airflow.providers.standard.hooks.subprocess.SubprocessHook","filename":"subprocess.py","lineno":99}
{"timestamp":"2026-09-10T09:37:25.875591Z","level":"info","event":"Request 2 hoàn thành: 293 results","logger":"airflow.task.hooks.airflow.providers.standard.hooks.subprocess.SubprocessHook","filename":"subprocess.py","lineno":99}
{"timestamp":"2026-09-10T09:37:25.875611Z","level":"info","event":"","logger":"airflow.task.hooks.airflow.providers.standard.hooks.subprocess.SubprocessHook","filename":"subprocess.py","lineno":99}
{"timestamp":"2026-09-10T09:37:25.875630Z","level":"info","event":"Request 3/11 - 293 elements","logger":"airflow.task.hooks.airflow.providers.standard.hooks.subprocess.SubprocessHook","filename":"subprocess.py","lineno":99}
{"timestamp":"2026-09-10T09:37:25.875649Z","level":"info","event":"Request 3 hoàn thành: 293 results","logger":"airflow.task.hooks.airflow.providers.standard.hooks.subprocess.SubprocessHook","filename":"subprocess.py","lineno":99}
{"timestamp":"2026-09-10T09:37:25.875669Z","level":"info","event":"","logger":"airflow.task.hooks.airflow.providers.standard.hooks.subprocess.SubprocessHook","filename":"subprocess.py","lineno":99}
{"timestamp":"2026-09-10T09:37:25.875687Z","level":"info","event":"Request 4/11 - 293 elements","logger":"airflow.task.hooks.airflow.providers.standard.hooks.subprocess.SubprocessHook","filename":"subprocess.py","lineno":99}
{"timestamp":"2026-09-10T09:37:25.875707Z","level":"info","event":"Request 4 hoàn thành: 293 results","logger":"airflow.task.hooks.airflow.providers.standard.hooks.subprocess.SubprocessHook","filename":"subprocess.py","lineno":99}
{"timestamp":"2026-09-10T09:37:25.875726Z","level":"info","event":"","logger":"airflow.task.hooks.airflow.providers.standard.hooks.subprocess.SubprocessHook","filename":"subprocess.py","lineno":99}
{"timestamp":"2026-09-10T09:37:25.875744Z","level":"info","event":"Request 5/11 - 293 elements","logger":"airflow.task.hooks.airflow.providers.standard.hooks.subprocess.SubprocessHook","filename":"subprocess.py","lineno":99}
{"timestamp":"2026-09-10T09:37:25.875784Z","level":"info","event":"Request 5 hoàn thành: 293 results","logger":"airflow.task.hooks.airflow.providers.standard.hooks.subprocess.SubprocessHook","filename":"subprocess.py","lineno":99}
{"timestamp":"2026-09-10T09:37:25.875806Z","level":"info","event":"","logger":"airflow.task.hooks.airflow.providers.standard.hooks.subprocess.SubprocessHook","filename":"subprocess.py","lineno":99}
{"timestamp":"2026-09-10T09:37:25.875825Z","level":"info","event":"Request 6/11 - 293 elements","logger":"airflow.task.hooks.airflow.providers.standard.hooks.subprocess.SubprocessHook","filename":"subprocess.py","lineno":99}
{"timestamp":"2026-09-10T09:37:25.875846Z","level":"info","event":"Request 6 hoàn thành: 293 results","logger":"airflow.task.hooks.airflow.providers.standard.hooks.subprocess.SubprocessHook","filename":"subprocess.py","lineno":99}
{"timestamp":"2026-09-10T09:37:25.875864Z","level":"info","event":"","logger":"airflow.task.hooks.airflow.providers.standard.hooks.subprocess.SubprocessHook","filename":"subprocess.py","lineno":99}
{"timestamp":"2026-09-10T09:37:25.875882Z","level":"info","event":"Request 7/11 - 293 elements","logger":"airflow.task.hooks.airflow.providers.standard.hooks.subprocess.SubprocessHook","filename":"subprocess.py","lineno":99}
{"timestamp":"2026-09-10T09:37:25.875900Z","level":"info","event":"Request 7 hoàn thành: 293 results","logger":"airflow.task.hooks.airflow.providers.standard.hooks.subprocess.SubprocessHook","filename":"subprocess.py","lineno":99}
{"timestamp":"2026-09-10T09:37:25.875917Z","level":"info","event":"","logger":"airflow.task.hooks.airflow.providers.standard.hooks.subprocess.SubprocessHook","filename":"subprocess.py","lineno":99}
{"timestamp":"2026-09-10T09:37:25.875935Z","level":"info","event":"Request 8/11 - 293 elements","logger":"airflow.task.hooks.airflow.providers.standard.hooks.subprocess.SubprocessHook","filename":"subprocess.py","lineno":99}
{"timestamp":"2026-09-10T09:37:25.875952Z","level":"info","event":"Request 8 hoàn thành: 293 results","logger":"airflow.task.hooks.airflow.providers.standard.hooks.subprocess.SubprocessHook","filename":"subprocess.py","lineno":99}
{"timestamp":"2026-09-10T09:37:25.875970Z","level":"info","event":"","logger":"airflow.task.hooks.airflow.providers.standard.hooks.subprocess.SubprocessHook","filename":"subprocess.py","lineno":99}
{"timestamp":"2026-09-10T09:37:25.875987Z","level":"info","event":"Request 9/11 - 293 elements","logger":"airflow.task.hooks.airflow.providers.standard.hooks.subprocess.SubprocessHook","filename":"subprocess.py","lineno":99}
{"timestamp":"2026-09-10T09:37:25.876004Z","level":"info","event":"Request 9 hoàn thành: 293 results","logger":"airflow.task.hooks.airflow.providers.standard.hooks.subprocess.SubprocessHook","filename":"subprocess.py","lineno":99}
{"timestamp":"2026-09-10T09:37:25.876023Z","level":"info","event":"","logger":"airflow.task.hooks.airflow.providers.standard.hooks.subprocess.SubprocessHook","filename":"subprocess.py","lineno":99}
{"timestamp":"2026-09-10T09:37:25.876041Z","level":"info","event":"Request 10/11 - 293 elements","logger":"airflow.task.hooks.airflow.providers.standard.hooks.subprocess.SubprocessHook","filename":"subprocess.py","lineno":99}
{"timestamp":"2026-09-10T09:37:25.876058Z","level":"info","event":"Request 10 hoàn thành: 293 results","logger":"airflow.task.hooks.airflow.providers.standard.hooks.subprocess.SubprocessHook","filename":"subprocess.py","lineno":99}
{"timestamp":"2026-09-10T09:37:25.876076Z","level":"info","event":"","logger":"airflow.task.hooks.airflow.providers.standard.hooks.subprocess.SubprocessHook","filename":"subprocess.py","lineno":99}
{"timestamp":"2026-09-10T09:37:25.876094Z","level":"info","event":"Request 11/11 - 1 elements","logger":"airflow.task.hooks.airflow.providers.standard.hooks.subprocess.SubprocessHook","filename":"subprocess.py","lineno":99}
{"timestamp":"2026-09-10T09:37:25.876111Z","level":"info","event":"Request 11 hoàn thành: 1 results","logger":"airflow.task.hooks.airflow.providers.standard.hooks.subprocess.SubprocessHook","filename":"subprocess.py","lineno":99}
{"timestamp":"2026-09-10T09:37:26.288053Z","level":"info","event":"Command exited with return code 0","logger":"airflow.task.hooks.airflow.providers.standard.hooks.subprocess.SubprocessHook","filename":"subprocess.py","lineno":103}
{"timestamp":"2026-09-10T09:37:26.292571Z","level":"info","event":"Pushing xcom","ti":"RuntimeTaskInstance(id=UUID('01a08aab-a134-73a6-b0fe-1477b00163f8'), task_id='llm_sumarize_addresses_task', dag_id='dag_etl_and_visualize', run_id='scheduled__2026-09-10T00:00:00+00:00', try_number=1, dag_version_id=UUID('01a08aa3-105c-7fa3-8e4a-8a00fba60cc7'), map_index=-1, hostname='airflow', context_carrier={}, task=<Task(BashOperator): llm_sumarize_addresses_task>, bundle_instance=LocalDagBundle(name=dags-folder), max_tries=3, start_date=datetime.datetime(2026, 9, 10, 9, 34, 58, 948068, tzinfo=datetime.timezone.utc), end_date=None, state=<TaskInstanceState.RUNNING: 'running'>, is_mapped=False, rendered_map_index=None)","logger":"task","filename":"task_runner.py","lineno":1573}
{"timestamp":"2026-09-10T09:44:25.012236Z","level":"info","event":"DAG bundles loaded: dags-folder","logger":"airflow.dag_processing.bundles.manager.DagBundlesManager","filename":"manager.py","lineno":179}
{"timestamp":"2026-09-10T09:44:25.013663Z","level":"info","event":"Filling up the DagBag from /workspace/dags/dag_etl_and_visualize.py","logger":"airflow.models.dagbag.BundleDagBag","filename":"dagbag.py","lineno":593}
{"timestamp":"2026-09-10T09:44:25.108812Z","level":"info","event":"Stats instance was created in PID 14 but accessed in PID 441. Re-initializing.","logger":"airflow.stats","filename":"stats.py","lineno":57}
{"timestamp":"2026-09-10T09:44:25.136313Z","level":"info","event":"Tmp dir root location: /tmp","logger":"airflow.task.hooks.airflow.providers.standard.hooks.subprocess.SubprocessHook","filename":"subprocess.py","lineno":78}
{"timestamp":"2026-09-10T09:44:25.137457Z","level":"info","event":"Running command: ['/usr/bin/bash', '-c', '/workspace/airflow/.venv/bin/python /workspace/airflow/../jobs/llm_sumarize_addresses.py']","logger":"airflow.task.hooks.airflow.providers.standard.hooks.subprocess.SubprocessHook","filename":"subprocess.py","lineno":80}
{"timestamp":"2026-09-10T09:44:25.138456Z","level":"info","event":"Output:","logger":"airflow.task.hooks.airflow.providers.standard.hooks.subprocess.SubprocessHook","filename":"subprocess.py","lineno":92}
{"timestamp":"2026-09-10T09:44:30.192844Z","level":"info","event":"Direct use of automatic function calling (AFC) in Models.generate_content is not recommended. Instead, we recommend to use AFC in Chat.send_message. Similarly, direct use of AFC in Models.generate_content_stream is not recommended. Instead, we recommend to use AFC in Chat.send_message_stream.","logger":"airflow.task.hooks.airflow.providers.standard.hooks.subprocess.SubprocessHook","filename":"subprocess.py","lineno":99}
{"timestamp":"2026-09-10T09:44:45.241603Z","level":"error","event":"Server indicated the task shouldn't be running anymore. Terminating process","detail":{"detail":{"reason":"not_running","message":"TI is no longer in the running state and task should terminate","current_state":"failed"}},"logger":"task"}
{"timestamp":"2026-09-10T09:44:45.242124Z","level":"info","event":"Sending SIGTERM signal to process group","logger":"airflow.task.hooks.airflow.providers.standard.hooks.subprocess.SubprocessHook","filename":"subprocess.py","lineno":110}
{"timestamp":"2026-09-10T09:44:45.256566Z","level":"info","event":"Command exited with return code -15","logger":"airflow.task.hooks.airflow.providers.standard.hooks.subprocess.SubprocessHook","filename":"subprocess.py","lineno":103}
{"timestamp":"2026-09-10T09:44:45.257096Z","level":"error","event":"Task failed with exception","logger":"task","filename":"task_runner.py","lineno":1164,"error_detail":[{"exc_type":"AirflowException","exc_value":"Bash command failed. The command returned a non-zero exit code -15.","exc_notes":[],"syntax_error":null,"is_cause":false,"frames":[{"filename":"/usr/local/lib/python3.12/site-packages/airflow/sdk/execution_time/task_runner.py","lineno":1112,"name":"run"},{"filename":"/usr/local/lib/python3.12/site-packages/airflow/sdk/execution_time/task_runner.py","lineno":1523,"name":"_execute_task"},{"filename":"/usr/local/lib/python3.12/site-packages/airflow/sdk/bases/operator.py","lineno":417,"name":"wrapper"},{"filename":"/usr/local/lib/python3.12/site-packages/airflow/providers/standard/operators/bash.py","lineno":226,"name":"execute"}],"is_group":false,"exceptions":[]}]}
{"timestamp":"2026-09-10T09:44:45.266913Z","level":"error","event":"Top level error","logger":"task","filename":"task_runner.py","lineno":1704,"error_detail":[{"exc_type":"AirflowRuntimeError","exc_value":"API_SERVER_ERROR: {'status_code': 409, 'message': 'Server returned error', 'detail': {'detail': {'reason': 'invalid_state', 'message': 'TI was not in the running state so it cannot be updated', 'previous_state': 'failed'}}}","exc_notes":[],"syntax_error":null,"is_cause":false,"frames":[{"filename":"/usr/local/lib/python3.12/site-packages/airflow/sdk/execution_time/task_runner.py","lineno":1697,"name":"main"},{"filename":"/usr/local/lib/python3.12/site-packages/airflow/sdk/execution_time/task_runner.py","lineno":1198,"name":"run"},{"filename":"/usr/local/lib/python3.12/site-packages/airflow/sdk/execution_time/comms.py","lineno":206,"name":"send"},{"filename":"/usr/local/lib/python3.12/site-packages/airflow/sdk/execution_time/comms.py","lineno":270,"name":"_get_response"},{"filename":"/usr/local/lib/python3.12/site-packages/airflow/sdk/execution_time/comms.py","lineno":257,"name":"_from_frame"}],"is_group":false,"exceptions":[]}]}
{"timestamp":"2026-09-10T09:44:45.271833Z","level":"warning","event":"Process exited abnormally","exit_code":1,"logger":"task"}
{"timestamp":"2026-09-10T09:44:45.272248Z","level":"error","event":"Task killed!","logger":"task"}
